src/pages/CallingList.tsx(139,64): error TS2339: Property 'CREATE_ASSIGNMENT' does not exist on type '{ readonly VIEW_DASHBOARD: "view_dashboard"; readonly VIEW_CUSTOMERS: "view_customers"; readonly CREATE_CUSTOMER: "create_customer"; readonly EDIT_CUSTOMER: "edit_customer"; readonly DELETE_CUSTOMER: "delete_customer"; ... 33 more ...; readonly MANAGE_NOTIFICATIONS: "manage_notifications"; }'.
